OPENING_TAG tag1
STRING hello
OPENING_TAG tag2
OPENING_TAG tag3
STRING abc1
CLOSING_TAG tag3
OPENING_TAG tag4
STRING abc2
CLOSING_TAG tag4
CLOSING_TAG tag2
OPENING_TAG tag2
OPENING_TAG tag3
STRING value1
CLOSING_TAG tag3
OPENING_TAG tag4
STRING value2
CLOSING_TAG tag4
CLOSING_TAG tag2
CLOSING_TAG tag1
EOF